[backblue.gif]
[fade.gif]
[index.html]
[www.nepalholidaytour.in/img/promo.jpg]
[www.nepalholidaytour.in/img/m-logo.png]
[www.nepalholidaytour.in/img/mm-logo.png]
[www.nepalholidaytour.in/img/explore-nepal.jpg]
[www.nepalholidaytour.in/img/pokhara-tour-with-mm-travels.jpg]
[www.nepalholidaytour.in/img/kathmandu-tour-from-gorakhpur.jpg]
[www.nepalholidaytour.in/img/chitwan-tour-with-mm-tour.jpg]
[www.nepalholidaytour.in/img/muktinath-tour-with-mm-tour.jpg]
[www.nepalholidaytour.in/img/bandipur-tour-with-mm-tour.jpg]
[www.nepalholidaytour.in/img/lumbini-tour-with-mm-tour.jpg]
[www.nepalholidaytour.in/img/gorakhpur-railway-station.jpg]
[www.nepalholidaytour.in/img/gorakhnath-temple-gorakhpur.jpg]
[www.nepalholidaytour.in/img/fb.png]
[www.nepalholidaytour.in/img/whatsapp.png]
[www.nepalholidaytour.in/js/jquery-2.2.4.min.js]
[www.nepalholidaytour.in/js/bootstrap.min.js]
[www.nepalholidaytour.in/js/isotope.pkgd.min.js]
[www.nepalholidaytour.in/js/jquery.magnific-popup.min.js]
[www.nepalholidaytour.in/js/owl.carousel.min.js]
[www.nepalholidaytour.in/js/owl.animate.js]
[www.nepalholidaytour.in/js/jquery.scrollUp.min.js]
[www.nepalholidaytour.in/js/jquery.counterup.min.js]
[www.nepalholidaytour.in/js/modernizr.min.js]
[www.nepalholidaytour.in/js/waypoints.min.js]
[www.nepalholidaytour.in/js/jquery.meanmenu.min.js]
[www.nepalholidaytour.in/js/imagesloaded.pkgd.min.js]
[www.nepalholidaytour.in/js/custom.js]
[www.nepalholidaytour.in/index.html]
[www.nepalholidaytour.in/css/bootstrap.min.css]
[www.nepalholidaytour.in/css/magnific-popup.css]
[www.nepalholidaytour.in/css/owl.carousel.min.css]
[www.nepalholidaytour.in/css/animate.css]
[www.nepalholidaytour.in/img/banner-2.jpg]
[www.nepalholidaytour.in/img/banner-3.jpg]
[www.nepalholidaytour.in/img/icon/quote.png]
[www.nepalholidaytour.in/img/footer-bg.jpg]
[www.nepalholidaytour.in/img/pattern.jpg]
[www.nepalholidaytour.in/img/banner-1.jpg]
[www.nepalholidaytour.in/img/nepal-banner.jpg]
[www.nepalholidaytour.in/img/jungle-safari-chitwan-banner.jpg]
[www.nepalholidaytour.in/img/about-banner.jpg]
[www.nepalholidaytour.in/img/banner-5.jpg]
[www.nepalholidaytour.in/css/main.css]
[www.nepalholidaytour.in/style.html]
[www.nepalholidaytour.in/css/meanmenu.min.css]
[www.nepalholidaytour.in/fonts/icofont.woff2]
[www.nepalholidaytour.in/fonts/icofont.woff]
[www.nepalholidaytour.in/css/icofont.min.css]
[www.nepalholidaytour.in/fonts/Linearicons-Free54e954e9.eot]
[www.nepalholidaytour.in/fonts/Linearicons-Freed41dd41d.eot]
[www.nepalholidaytour.in/fonts/Linearicons-Free54e954e9.woff2]
[www.nepalholidaytour.in/fonts/Linearicons-Free54e954e9.woff]
[www.nepalholidaytour.in/fonts/Linearicons-Free54e954e9.ttf]
[www.nepalholidaytour.in/css/linearicons-min.css]
[www.nepalholidaytour.in/css/responsive.css]
[www.nepalholidaytour.in/widget-v4.tidiochat.com/1_35_0/static/js/render.c25d885567cc682a9c5b.html]
[www.nepalholidaytour.in/index-2.html]
[www.nepalholidaytour.in/img/nepal-tour.jpg]
[www.nepalholidaytour.in/about.html]
[www.nepalholidaytour.in/img/annapurna-mountain-range.jpg]
[www.nepalholidaytour.in/img/bindhyabasini-temple-pokhara-nepal.jpg]
[www.nepalholidaytour.in/img/Devi's-Fall-Pokhara-Nepal.jpg]
[www.nepalholidaytour.in/img/International-Mountain-Museum-Pokhara.jpg]
[www.nepalholidaytour.in/img/gupteshwor-mahadev-cave.jpg]
[www.nepalholidaytour.in/img/world-peace-pagoda.jpg]
[www.nepalholidaytour.in/img/phewa-lake-pokhara.jpg]
[www.nepalholidaytour.in/img/pokhara-tour-from-gorakhpur.jpg]
[www.nepalholidaytour.in/pokhara-tour-package-from-gorakhpur.html]
[www.nepalholidaytour.in/img/boudhanath-stupa.jpg]
[www.nepalholidaytour.in/img/Pashupatinath-Temple-Kathmandu.jpg]
[www.nepalholidaytour.in/img/durbar-square-kathmandu.jpg]
[www.nepalholidaytour.in/kathmandu-tour-package-from-gorakhpur.html]
[www.nepalholidaytour.in/img/muktinath-temple-nepal.jpg]
[www.nepalholidaytour.in/img/muktinath-temple-tour.jpg]
[www.nepalholidaytour.in/img/muktinath-108-holy-spouts-nepal.jpg]
[www.nepalholidaytour.in/img/muktinath-tour-package-02.jpg]
[www.nepalholidaytour.in/img/muktinath-tour.jpg]
[www.nepalholidaytour.in/muktinath-tour-package-from-gorakhpur.html]
[www.nepalholidaytour.in/contact.html]
[www.nepalholidaytour.in/03-days-pokhara-tour-package-from-gorakhpur.html]
[www.nepalholidaytour.in/03-days-kathmandu-tour-package-from-gorakhpur.html]
[www.nepalholidaytour.in/img/jungle-safari-chitwan.jpg]
[www.nepalholidaytour.in/chitwan-tour-package-from-gorakhpur.html]
[www.nepalholidaytour.in/07-days-muktinath-tour-package-from-gorakhpur.html]
[www.nepalholidaytour.in/img/thani-mai-temple.jpg]
[www.nepalholidaytour.in/pokhara-bandipur-tour-package-from-gorakhpur.html]
[www.nepalholidaytour.in/cdn-cgi/scripts/5c5dd728/cloudflare-static/email-decode.min.html]
[c0.wp.com/c/5.5/wp-includes/css/dist/block-library/style.min.css]
[c0.wp.com/p/woocommerce/4.4.1/packages/woocommerce-blocks/build/vendors-style.css]
[c0.wp.com/p/woocommerce/4.4.1/packages/woocommerce-blocks/build/style.css]
[c0.wp.com/p/jetpack/8.8.2/css/jetpack.css]
[c0.wp.com/c/5.5/wp-includes/js/jquery/jquery.js]
[themeearth.com/wp-content/plugins/wp-contact-form7-email-spam-blocker/public/js/contact-form-7-email-spam-blocker-public8a54.js]
[themeearth.com/wp-content/plugins/elementor/assets/lib/font-awesome/js/v4-shims.min7c53.js]
[stats.wp.com/s-202034.js]
[i2.wp.com/themeearth.com/wp-content/uploads/2020/01/cropped-favicone43b.png]
[i2.wp.com/themeearth.com/wp-content/uploads/2020/01/cropped-favicon98d8.png]
[i2.wp.com/themeearth.com/wp-content/uploads/2020/01/cropped-faviconf9b5.png]
[themeearth.com/wp-content/uploads/2020/01/cropped-themeearth-1-266x63.png]
[i1.wp.com/themeearth.com/wp-content/uploads/2019/07/favicon0473.png]
[maxcdn.bootstrapcdn.com/font-awesome/4.5.0/css/font-awesome.min.css]
[themeearth.com/wp-content/themes/astra/assets/js/minified/style.min21bb.js]
[c0.wp.com/p/jetpack/8.8.2/_inc/build/photon/photon.min.js]
[c0.wp.com/p/woocommerce/4.4.1/assets/js/jquery-blockui/jquery.blockUI.min.js]
[c0.wp.com/p/woocommerce/4.4.1/assets/js/frontend/add-to-cart.min.js]
[c0.wp.com/p/woocommerce/4.4.1/assets/js/js-cookie/js.cookie.min.js]
[c0.wp.com/p/woocommerce/4.4.1/assets/js/frontend/woocommerce.min.js]
[c0.wp.com/p/woocommerce/4.4.1/assets/js/frontend/cart-fragments.min.js]
[c0.wp.com/p/jetpack/8.8.2/_inc/build/lazy-images/js/lazy-images.min.js]
[c0.wp.com/c/5.5/wp-includes/js/wp-embed.min.js]
[themeearth.com/wp-content/plugins/elementor/assets/js/frontend-modules.min7c53.js]
[c0.wp.com/c/5.5/wp-includes/js/jquery/ui/position.min.js]
[themeearth.com/wp-content/plugins/elementor/assets/lib/dialog/dialog.minae9e.js]
[themeearth.com/wp-content/plugins/elementor/assets/lib/waypoints/waypoints.min05da.js]
[themeearth.com/wp-content/plugins/elementor/assets/lib/swiper/swiper.min48f5.js]
[themeearth.com/wp-content/plugins/elementor/assets/lib/share-link/share-link.min7c53.js]
[themeearth.com/wp-content/plugins/elementor/assets/js/frontend.min7c53.js]
[stats.wp.com/e-202034.js]
[www.nepalholidaytour.in/fonts/glyphicons-halflings-regular.html]
[www.nepalholidaytour.in/fonts/glyphicons-halflings-regulard41dd41d.html]
[www.nepalholidaytour.in/fonts/glyphicons-halflings-regular-2.html]
[www.nepalholidaytour.in/fonts/glyphicons-halflings-regular-3.html]
[www.nepalholidaytour.in/fonts/glyphicons-halflings-regular-4.html]
[www.nepalholidaytour.in/fonts/glyphicons-halflings-regular-5.html]
[www.nepalholidaytour.in/css/owl.video.play.html]
[www.nepalholidaytour.in/img/preloader.html]
[www.nepalholidaytour.in/img/counter_bg.html]
[www.nepalholidaytour.in/img/top-service-bg.html]
[www.nepalholidaytour.in/img/call_to_action_bg.html]
[www.nepalholidaytour.in/img/why-us-bg.html]
[www.nepalholidaytour.in/img/testimonial-bg.html]
[www.nepalholidaytour.in/img/header.html]
[www.nepalholidaytour.in/img/slide2.html]
[www.nepalholidaytour.in/img/slide1.html]
[www.nepalholidaytour.in/img/product-bg.html]
[www.nepalholidaytour.in/fonts/Linearicons-Free54e954e9.svg]
[www.nepalholidaytour.in/img/pokhara.html]
[www.nepalholidaytour.in/bindhyabasini-devi-temple-tour-pokhara.html]
[www.nepalholidaytour.in/img/Devi's-Fall-Pokhara-01.jpg]
[www.nepalholidaytour.in/img/Devi's-Fall-Pokhara-02.jpg]
[www.nepalholidaytour.in/img/Devi's-Fall-Pokhara-03.jpg]
[www.nepalholidaytour.in/devi's-fall-pokhara-tour.html]
[www.nepalholidaytour.in/international-mountain-museum-tour-pokhara.html]
[www.nepalholidaytour.in/gupteshwor-mahadev-cave-tour-pokhara.html]
[www.nepalholidaytour.in/world-peace-pagoda-tour-pokhara.html]
[www.nepalholidaytour.in/pashupatinath-temple-tour-kathmandu.html]
[www.nepalholidaytour.in/boudhanath-stupa-tour-kathmandu.html]
[www.nepalholidaytour.in/kathmandu-durbar-square-tour.html]
[www.nepalholidaytour.in/08-days-muktinath-tour-package-from-gorakhpur.html]
[www.nepalholidaytour.in/09-days-muktinath-tour-package-from-gorakhpur.html]
[www.nepalholidaytour.in/img/muktinath-108-holy-spouts.jpg]
[www.nepalholidaytour.in/12-days-muktinath-tour-package-from-gorakhpur.html]
[themeearth.com/wp-content/themes/astra/assets/css/minified/style.min21bb.css]
[c0.wp.com/c/5.5/wp-includes/css/dist/block-library/style.min.css]
[c0.wp.com/p/woocommerce/4.4.1/packages/woocommerce-blocks/build/vendors-style.css]
[c0.wp.com/p/woocommerce/4.4.1/packages/woocommerce-blocks/build/style.css]
[themeearth.com/wp-content/plugins/contact-form-7/includes/css/styles7752.css]
[themeearth.com/wp-content/themes/astra/assets/css/minified/compatibility/contact-form-7.min21bb.css]
[themeearth.com/wp-content/plugins/dw-question-answer/templates/assets/img/icon-search.png]
[themeearth.com/wp-content/plugins/dw-question-answer/templates/assets/img/icon-loading.gif]
[themeearth.com/wp-content/plugins/dw-question-answer/templates/assets/css/style30dd.css]
[themeearth.com/wp-content/plugins/dw-question-answer/templates/assets/css/rtl30dd.css]
[themeearth.com/wp-content/themes/astra/assets/css/minified/compatibility/woocommerce/woocommerce-layout.min21bb.css]
[themeearth.com/wp-content/themes/astra/assets/css/minified/compatibility/woocommerce/woocommerce-smallscreen.min21bb.css]
[themeearth.com/wp-content/plugins/woocommerce/assets/css/photoswipe/default-skin/default-skin.png]
[themeearth.com/wp-content/themes/astra/assets/css/minified/compatibility/woocommerce/woocommerce.min21bb.css]
[themeearth.com/wp-content/plugins/wp-contact-form7-email-spam-blocker/public/css/contact-form-7-email-spam-blocker-public8a54.css]
[themeearth.com/wp-content/plugins/header-footer-elementor/assets/css/header-footer-elementore225.css]
[themeearth.com/wp-content/plugins/elementor/assets/lib/eicons/css/elementor-icons.min87e8.css]
[themeearth.com/wp-content/plugins/elementor/assets/lib/animations/animations.min7c53.css]
[themeearth.com/wp-content/plugins/elementor/assets/css/frontend.min7c53.css]
[themeearth.com/wp-content/plugins/elementor/assets/lib/font-awesome/css/all.min7c53.css]
[themeearth.com/wp-content/plugins/elementor/assets/lib/font-awesome/css/v4-shims.min7c53.css]
[themeearth.com/wp-content/uploads/elementor/css/post-1600e8cd.css]
[themeearth.com/wp-content/plugins/header-footer-elementor/inc/widgets-css/frontende225.css]
[themeearth.com/wp-content/plugins/elementor/assets/lib/font-awesome/css/fontawesome.minb683.css]
[themeearth.com/wp-content/plugins/elementor/assets/lib/font-awesome/css/brands.minb683.css]
[themeearth.com/wp-content/plugins/elementor/assets/lib/font-awesome/css/solid.minb683.css]
[c0.wp.com/p/jetpack/8.8.2/modules/carousel/images/arrows.png]
[c0.wp.com/p/jetpack/8.8.2/modules/carousel/images/arrows-2x.png]
[c0.wp.com/p/jetpack/8.8.2/modules/carousel/images/carousel-spritee4da.png]
[c0.wp.com/p/jetpack/8.8.2/modules/carousel/images/carousel-sprite-2xe4da.png]
[c0.wp.com/p/jetpack/8.8.2/modules/shortcodes/img/slideshow-controls.png]
[c0.wp.com/p/jetpack/8.8.2/modules/shortcodes/img/slideshow-controls-2x.png]
[c0.wp.com/p/jetpack/8.8.2/modules/shortcodes/images/slide-nav.png]
[c0.wp.com/p/jetpack/8.8.2/modules/shortcodes/images/expand.png]
[c0.wp.com/p/jetpack/8.8.2/modules/shortcodes/images/collapse.png]
[secure.gravatar.com/images/grav-share-sprite.png]
[c0.wp.com/p/jetpack/8.8.2/css/jetpack.css]
[maxcdn.bootstrapcdn.com/font-awesome/4.5.0/css/font-awesome.min.css]
[themeearth.com/wp-content/uploads/elementor/css/global60df.html]
[themeearth.com/wp-content/plugins/contact-form-7/includes/js/scripts7752.html]
[code.tidio.co_443/rdu58dqsiymikhfizchesvzwvkx6zp4f.js]
